Archive member included to satisfy reference by file (symbol)

f:/.download/riscv_ide/efinity-riscv-ide-2022.2.3/toolchain/bin/../lib/gcc/riscv-none-embed/8.3.0/../../../../riscv-none-embed/lib/rv32im/ilp32\libc.a(lib_a-init.o)
                              build/obj_files/start.o (__libc_init_array)

Discarded input sections

 .group         0x0000000000000000        0xc build/obj_files/main.o
 .group         0x0000000000000000        0xc build/obj_files/main.o
 .group         0x0000000000000000        0xc build/obj_files/main.o
 .group         0x0000000000000000        0xc build/obj_files/main.o
 .group         0x0000000000000000        0xc build/obj_files/main.o
 .group         0x0000000000000000        0xc build/obj_files/main.o
 .group         0x0000000000000000        0xc build/obj_files/main.o
 .group         0x0000000000000000        0xc build/obj_files/main.o
 .group         0x0000000000000000        0xc build/obj_files/main.o
 .group         0x0000000000000000        0xc build/obj_files/main.o
 .group         0x0000000000000000        0xc build/obj_files/main.o
 .group         0x0000000000000000        0xc build/obj_files/main.o
 .group         0x0000000000000000        0xc build/obj_files/main.o
 .group         0x0000000000000000        0xc build/obj_files/main.o
 .group         0x0000000000000000        0xc build/obj_files/main.o
 .group         0x0000000000000000        0xc build/obj_files/main.o
 .group         0x0000000000000000        0xc build/obj_files/main.o
 .group         0x0000000000000000        0xc build/obj_files/main.o
 .group         0x0000000000000000        0xc build/obj_files/main.o
 .group         0x0000000000000000        0xc build/obj_files/main.o
 .group         0x0000000000000000        0xc build/obj_files/main.o
 .group         0x0000000000000000        0xc build/obj_files/main.o
 .group         0x0000000000000000        0xc build/obj_files/main.o
 .group         0x0000000000000000        0xc build/obj_files/main.o
 .group         0x0000000000000000        0xc build/obj_files/main.o
 .group         0x0000000000000000        0xc build/obj_files/main.o
 .group         0x0000000000000000        0xc build/obj_files/main.o
 .group         0x0000000000000000        0xc build/obj_files/main.o
 .group         0x0000000000000000        0xc build/obj_files/main.o
 .group         0x0000000000000000        0xc build/obj_files/main.o
 .group         0x0000000000000000        0xc build/obj_files/main.o
 .group         0x0000000000000000        0xc build/obj_files/main.o
 .group         0x0000000000000000        0xc build/obj_files/main.o
 .group         0x0000000000000000        0xc build/obj_files/main.o
 .group         0x0000000000000000        0xc build/obj_files/main.o
 .group         0x0000000000000000        0xc build/obj_files/main.o

Memory Configuration

Name             Origin             Length             Attributes
ram              0x0000000000001000 0x000000000001f000 axwl !r
*default*        0x0000000000000000 0xffffffffffffffff

Linker script and memory map

LOAD build/obj_files/main.o
LOAD build/obj_files/start.o
LOAD build/obj_files/trap.o
LOAD f:/.download/riscv_ide/efinity-riscv-ide-2022.2.3/toolchain/bin/../lib/gcc/riscv-none-embed/8.3.0/../../../../riscv-none-embed/lib/rv32im/ilp32\libc.a
LOAD f:/.download/riscv_ide/efinity-riscv-ide-2022.2.3/toolchain/bin/../lib/gcc/riscv-none-embed/8.3.0/rv32im/ilp32\libgcc.a
                0x0000000000001000                __stack_size = DEFINED (__stack_size)?__stack_size:0x1000

.init           0x0000000000001000       0x64
 *(SORT_NONE(.init))
 .init          0x0000000000001000       0x64 build/obj_files/start.o
                0x0000000000001000                _start
                0x0000000000001060                _init

.text           0x0000000000001064      0x758
 *(.text.Proc_1)
 *(.text.Proc_2)
 *(.text.Proc_3)
 *(.text.Proc_4)
 *(.text.Proc_5)
 *(.text.Proc_6)
 *(.text.Proc_7)
 *(.text.Proc_8)
 *(.text.Func_1)
 *(.text.Func_2)
 *(.text.Func_3)
 *(.text.strcpy)
 *libc.a:*(.text .text.*)
 .text          0x0000000000001064        0x0 f:/.download/riscv_ide/efinity-riscv-ide-2022.2.3/toolchain/bin/../lib/gcc/riscv-none-embed/8.3.0/../../../../riscv-none-embed/lib/rv32im/ilp32\libc.a(lib_a-init.o)
 .text.__libc_init_array
                0x0000000000001064       0x94 f:/.download/riscv_ide/efinity-riscv-ide-2022.2.3/toolchain/bin/../lib/gcc/riscv-none-embed/8.3.0/../../../../riscv-none-embed/lib/rv32im/ilp32\libc.a(lib_a-init.o)
                0x0000000000001064                __libc_init_array
 *(.text.main)
 *(.text.unlikely .text.unlikely.*)
 *(.text.startup .text.startup.*)
 *(.text .text.*)
 .text          0x00000000000010f8      0x634 build/obj_files/main.o
                0x0000000000001564                init
                0x00000000000015dc                crash
                0x00000000000015f4                externalInterrupt
                0x0000000000001650                trap
                0x0000000000001684                main
 .text          0x000000000000172c        0x0 build/obj_files/start.o
 .text          0x000000000000172c       0x90 build/obj_files/trap.o
                0x000000000000172c                trap_entry
 *(.gnu.linkonce.t.*)
 *(.note.gnu.build-id)

.rela.dyn       0x00000000000017bc        0x0
 .rela.init     0x00000000000017bc        0x0 build/obj_files/main.o
 .rela.text.__libc_init_array
                0x00000000000017bc        0x0 build/obj_files/main.o

.fini
 *(SORT_NONE(.fini))
                [!provide]                        PROVIDE (__etext = .)
                [!provide]                        PROVIDE (_etext = .)
                [!provide]                        PROVIDE (etext = .)
                0x00000000000017bc                . = ALIGN (0x4)

.preinit_array  0x00000000000017bc        0x0
                0x00000000000017bc                PROVIDE (__preinit_array_start = .)
 *(.preinit_array)
                0x00000000000017bc                PROVIDE (__preinit_array_end = .)

.init_array     0x00000000000017bc        0x0
                0x00000000000017bc                PROVIDE (__init_array_start = .)
 *(SORT_BY_INIT_PRIORITY(.init_array.*) SORT_BY_INIT_PRIORITY(.ctors.*))
 *(.init_array EXCLUDE_FILE(*crtend?.o *crtend.o *crtbegin?.o *crtbegin.o) .ctors)
                0x00000000000017bc                PROVIDE (__init_array_end = .)

.fini_array     0x00000000000017bc        0x0
                [!provide]                        PROVIDE (__fini_array_start = .)
 *(SORT_BY_INIT_PRIORITY(.fini_array.*) SORT_BY_INIT_PRIORITY(.dtors.*))
 *(.fini_array EXCLUDE_FILE(*crtend?.o *crtend.o *crtbegin?.o *crtbegin.o) .dtors)
                [!provide]                        PROVIDE (__fini_array_end = .)

.ctors
 *crtbegin.o(.ctors)
 *crtbegin?.o(.ctors)
 *(EXCLUDE_FILE(*crtend?.o *crtend.o) .ctors)
 *(SORT_BY_NAME(.ctors.*))
 *(.ctors)

.dtors
 *crtbegin.o(.dtors)
 *crtbegin?.o(.dtors)
 *(EXCLUDE_FILE(*crtend?.o *crtend.o) .dtors)
 *(SORT_BY_NAME(.dtors.*))
 *(.dtors)

.lalign         0x00000000000017bc        0x0
                0x00000000000017bc                PROVIDE (_data_lma = .)

.dalign         0x00000000000017bc        0x0
                0x00000000000017bc                PROVIDE (_data = .)

.data           0x00000000000017bc      0x18e
 *(.rdata)
 *(.rodata .rodata.*)
 .rodata.str1.4
                0x00000000000017bc      0x180 build/obj_files/main.o
                                        0x17d (size before relaxing)
 *(.gnu.linkonce.r.*)
 *(.data .data.*)
 .data          0x000000000000193c        0x0 build/obj_files/main.o
 .data          0x000000000000193c        0x0 build/obj_files/start.o
 .data          0x000000000000193c        0x0 build/obj_files/trap.o
 .data          0x000000000000193c        0x0 f:/.download/riscv_ide/efinity-riscv-ide-2022.2.3/toolchain/bin/../lib/gcc/riscv-none-embed/8.3.0/../../../../riscv-none-embed/lib/rv32im/ilp32\libc.a(lib_a-init.o)
 *(.gnu.linkonce.d.*)
                0x0000000000001940                . = ALIGN (0x8)
 *fill*         0x000000000000193c        0x4 
                0x0000000000002130                PROVIDE (__global_pointer$ = (. + 0x7f0))
 *(.sdata .sdata.*)
 *(.gnu.linkonce.s.*)
                0x0000000000001940                . = ALIGN (0x8)
 *(.srodata.cst16)
 *(.srodata.cst8)
 *(.srodata.cst4)
 *(.srodata.cst2)
 *(.srodata .srodata.*)
                0x000000000000194a                . = (. + 0xa)
 *fill*         0x0000000000001940        0xa 
                0x000000000000194c                . = ALIGN (0x4)
                0x000000000000194c                PROVIDE (_edata = .)
                [!provide]                        PROVIDE (edata = .)
                [!provide]                        PROVIDE (_fbss = .)
                0x000000000000194c                PROVIDE (__bss_start = .)

.bss            0x000000000000194a        0x2
 *(.sbss*)
 *(.gnu.linkonce.sb.*)
 *(.bss .bss.*)
 .bss           0x000000000000194a        0x0 build/obj_files/main.o
 .bss           0x000000000000194a        0x0 build/obj_files/start.o
 .bss           0x000000000000194a        0x0 build/obj_files/trap.o
 .bss           0x000000000000194a        0x0 f:/.download/riscv_ide/efinity-riscv-ide-2022.2.3/toolchain/bin/../lib/gcc/riscv-none-embed/8.3.0/../../../../riscv-none-embed/lib/rv32im/ilp32\libc.a(lib_a-init.o)
 *(.gnu.linkonce.b.*)
 *(COMMON)
                0x000000000000194c                . = ALIGN (0x4)
 *fill*         0x000000000000194a        0x2 
                0x0000000000001950                . = ALIGN (0x8)
                0x0000000000001950                PROVIDE (_end = .)
                [!provide]                        PROVIDE (end = .)

.stack          0x0000000000001950     0x1000
                [!provide]                        PROVIDE (_heap_end = .)
                0x0000000000001000                . = __stack_size
 *fill*         0x0000000000001950     0x1000 
                0x0000000000002950                PROVIDE (_sp = .)
                0x0000000000002950                __freertos_irq_stack_top = .
LOAD f:/.download/riscv_ide/efinity-riscv-ide-2022.2.3/toolchain/bin/../lib/gcc/riscv-none-embed/8.3.0/../../../../riscv-none-embed/lib/rv32im/ilp32\libm.a
LOAD f:/.download/riscv_ide/efinity-riscv-ide-2022.2.3/toolchain/bin/../lib/gcc/riscv-none-embed/8.3.0/rv32im/ilp32\libgcc.a
START GROUP
LOAD f:/.download/riscv_ide/efinity-riscv-ide-2022.2.3/toolchain/bin/../lib/gcc/riscv-none-embed/8.3.0/rv32im/ilp32\libgcc.a
LOAD f:/.download/riscv_ide/efinity-riscv-ide-2022.2.3/toolchain/bin/../lib/gcc/riscv-none-embed/8.3.0/../../../../riscv-none-embed/lib/rv32im/ilp32\libg.a
LOAD f:/.download/riscv_ide/efinity-riscv-ide-2022.2.3/toolchain/bin/../lib/gcc/riscv-none-embed/8.3.0/../../../../riscv-none-embed/lib/rv32im/ilp32\libc.a
END GROUP
LOAD f:/.download/riscv_ide/efinity-riscv-ide-2022.2.3/toolchain/bin/../lib/gcc/riscv-none-embed/8.3.0/rv32im/ilp32\libgcc.a
START GROUP
LOAD f:/.download/riscv_ide/efinity-riscv-ide-2022.2.3/toolchain/bin/../lib/gcc/riscv-none-embed/8.3.0/rv32im/ilp32\libgcc.a
LOAD f:/.download/riscv_ide/efinity-riscv-ide-2022.2.3/toolchain/bin/../lib/gcc/riscv-none-embed/8.3.0/../../../../riscv-none-embed/lib/rv32im/ilp32\libc.a
LOAD f:/.download/riscv_ide/efinity-riscv-ide-2022.2.3/toolchain/bin/../lib/gcc/riscv-none-embed/8.3.0/../../../../riscv-none-embed/lib/rv32im/ilp32\libnosys.a
END GROUP
OUTPUT(build/gpioDemo.elf elf32-littleriscv)

.debug_info     0x0000000000000000     0x1601
 .debug_info    0x0000000000000000     0x15b5 build/obj_files/main.o
 .debug_info    0x00000000000015b5       0x26 build/obj_files/start.o
 .debug_info    0x00000000000015db       0x26 build/obj_files/trap.o

.debug_abbrev   0x0000000000000000      0x3e8
 .debug_abbrev  0x0000000000000000      0x3c0 build/obj_files/main.o
 .debug_abbrev  0x00000000000003c0       0x14 build/obj_files/start.o
 .debug_abbrev  0x00000000000003d4       0x14 build/obj_files/trap.o

.debug_loc      0x0000000000000000      0x7fb
 .debug_loc     0x0000000000000000      0x7fb build/obj_files/main.o

.debug_aranges  0x0000000000000000       0x60
 .debug_aranges
                0x0000000000000000       0x20 build/obj_files/main.o
 .debug_aranges
                0x0000000000000020       0x20 build/obj_files/start.o
 .debug_aranges
                0x0000000000000040       0x20 build/obj_files/trap.o

.debug_ranges   0x0000000000000000       0x20
 .debug_ranges  0x0000000000000000       0x20 build/obj_files/main.o

.debug_macro    0x0000000000000000     0x1d30
 .debug_macro   0x0000000000000000      0x1ce build/obj_files/main.o
 .debug_macro   0x00000000000001ce      0x760 build/obj_files/main.o
 .debug_macro   0x000000000000092e       0x22 build/obj_files/main.o
 .debug_macro   0x0000000000000950       0x8e build/obj_files/main.o
 .debug_macro   0x00000000000009de       0x51 build/obj_files/main.o
 .debug_macro   0x0000000000000a2f      0x103 build/obj_files/main.o
 .debug_macro   0x0000000000000b32       0x6a build/obj_files/main.o
 .debug_macro   0x0000000000000b9c      0x1df build/obj_files/main.o
 .debug_macro   0x0000000000000d7b      0x136 build/obj_files/main.o
 .debug_macro   0x0000000000000eb1       0xc4 build/obj_files/main.o
 .debug_macro   0x0000000000000f75       0x10 build/obj_files/main.o
 .debug_macro   0x0000000000000f85       0x1c build/obj_files/main.o
 .debug_macro   0x0000000000000fa1       0x16 build/obj_files/main.o
 .debug_macro   0x0000000000000fb7       0xac build/obj_files/main.o
 .debug_macro   0x0000000000001063       0x58 build/obj_files/main.o
 .debug_macro   0x00000000000010bb       0x19 build/obj_files/main.o
 .debug_macro   0x00000000000010d4       0x52 build/obj_files/main.o
 .debug_macro   0x0000000000001126       0x34 build/obj_files/main.o
 .debug_macro   0x000000000000115a       0x34 build/obj_files/main.o
 .debug_macro   0x000000000000118e       0x16 build/obj_files/main.o
 .debug_macro   0x00000000000011a4      0x10e build/obj_files/main.o
 .debug_macro   0x00000000000012b2       0x8d build/obj_files/main.o
 .debug_macro   0x000000000000133f       0x16 build/obj_files/main.o
 .debug_macro   0x0000000000001355       0x43 build/obj_files/main.o
 .debug_macro   0x0000000000001398       0x34 build/obj_files/main.o
 .debug_macro   0x00000000000013cc       0x10 build/obj_files/main.o
 .debug_macro   0x00000000000013dc       0x52 build/obj_files/main.o
 .debug_macro   0x000000000000142e      0x182 build/obj_files/main.o
 .debug_macro   0x00000000000015b0      0x339 build/obj_files/main.o
 .debug_macro   0x00000000000018e9       0x16 build/obj_files/main.o
 .debug_macro   0x00000000000018ff       0x29 build/obj_files/main.o
 .debug_macro   0x0000000000001928      0x1a9 build/obj_files/main.o
 .debug_macro   0x0000000000001ad1       0x16 build/obj_files/main.o
 .debug_macro   0x0000000000001ae7       0x35 build/obj_files/main.o
 .debug_macro   0x0000000000001b1c      0x1b8 build/obj_files/main.o
 .debug_macro   0x0000000000001cd4       0x2e build/obj_files/main.o
 .debug_macro   0x0000000000001d02       0x2e build/obj_files/main.o

.debug_line     0x0000000000000000      0xfb4
 .debug_line    0x0000000000000000      0xde9 build/obj_files/main.o
 .debug_line    0x0000000000000de9       0xba build/obj_files/start.o
 .debug_line    0x0000000000000ea3      0x111 build/obj_files/trap.o

.debug_str      0x0000000000000000     0x86c4
 .debug_str     0x0000000000000000     0x8695 build/obj_files/main.o
                                       0x8980 (size before relaxing)
 .debug_str     0x0000000000008695       0x1e build/obj_files/start.o
                                         0x8d (size before relaxing)
 .debug_str     0x00000000000086b3       0x11 build/obj_files/trap.o
                                         0x8c (size before relaxing)

.comment        0x0000000000000000       0x33
 .comment       0x0000000000000000       0x33 build/obj_files/main.o
                                         0x34 (size before relaxing)

.debug_frame    0x0000000000000000      0x274
 .debug_frame   0x0000000000000000      0x238 build/obj_files/main.o
 .debug_frame   0x0000000000000238       0x3c f:/.download/riscv_ide/efinity-riscv-ide-2022.2.3/toolchain/bin/../lib/gcc/riscv-none-embed/8.3.0/../../../../riscv-none-embed/lib/rv32im/ilp32\libc.a(lib_a-init.o)
