Archive member included to satisfy reference by file (symbol)

f:/.download/riscv_ide/efinity-riscv-ide-2022.2.3/toolchain/bin/../lib/gcc/riscv-none-embed/8.3.0/../../../../riscv-none-embed/lib/rv32im/ilp32\libc.a(lib_a-init.o)
                              build/obj_files/start.o (__libc_init_array)

Discarded input sections

 .group         0x0000000000000000        0xc build/obj_files/main.o
 .group         0x0000000000000000        0xc build/obj_files/main.o
 .group         0x0000000000000000        0xc build/obj_files/main.o
 .group         0x0000000000000000        0xc build/obj_files/main.o
 .group         0x0000000000000000        0xc build/obj_files/main.o
 .group         0x0000000000000000        0xc build/obj_files/main.o
 .group         0x0000000000000000        0xc build/obj_files/main.o
 .group         0x0000000000000000        0xc build/obj_files/main.o
 .group         0x0000000000000000        0xc build/obj_files/main.o
 .group         0x0000000000000000        0xc build/obj_files/main.o
 .group         0x0000000000000000        0xc build/obj_files/main.o
 .group         0x0000000000000000        0xc build/obj_files/main.o
 .group         0x0000000000000000        0xc build/obj_files/main.o
 .group         0x0000000000000000        0xc build/obj_files/main.o
 .group         0x0000000000000000        0xc build/obj_files/main.o
 .group         0x0000000000000000        0xc build/obj_files/main.o
 .group         0x0000000000000000        0xc build/obj_files/main.o
 .group         0x0000000000000000        0xc build/obj_files/main.o
 .group         0x0000000000000000        0xc build/obj_files/main.o
 .group         0x0000000000000000        0xc build/obj_files/main.o
 .group         0x0000000000000000        0xc build/obj_files/main.o
 .group         0x0000000000000000        0xc build/obj_files/main.o
 .group         0x0000000000000000        0xc build/obj_files/main.o
 .group         0x0000000000000000        0xc build/obj_files/main.o
 .group         0x0000000000000000        0xc build/obj_files/main.o
 .group         0x0000000000000000        0xc build/obj_files/main.o
 .group         0x0000000000000000        0xc build/obj_files/main.o
 .group         0x0000000000000000        0xc build/obj_files/main.o
 .group         0x0000000000000000        0xc build/obj_files/main.o
 .group         0x0000000000000000        0xc build/obj_files/main.o
 .group         0x0000000000000000        0xc build/obj_files/main.o
 .group         0x0000000000000000        0xc build/obj_files/main.o
 .group         0x0000000000000000        0xc build/obj_files/main.o
 .group         0x0000000000000000        0xc build/obj_files/main.o
 .group         0x0000000000000000        0xc build/obj_files/main.o
 .group         0x0000000000000000        0xc build/obj_files/main.o

Memory Configuration

Name             Origin             Length             Attributes
ram              0x00000000f9000000 0x0000000000001000 axwl !r
*default*        0x0000000000000000 0xffffffffffffffff

Linker script and memory map

LOAD build/obj_files/main.o
LOAD build/obj_files/start.o
LOAD f:/.download/riscv_ide/efinity-riscv-ide-2022.2.3/toolchain/bin/../lib/gcc/riscv-none-embed/8.3.0/../../../../riscv-none-embed/lib/rv32im/ilp32\libc.a
LOAD f:/.download/riscv_ide/efinity-riscv-ide-2022.2.3/toolchain/bin/../lib/gcc/riscv-none-embed/8.3.0/rv32im/ilp32\libgcc.a
                0x0000000000000100                __stack_size = DEFINED (__stack_size)?__stack_size:0x100

.init           0x00000000f9000000       0x58
 *(SORT_NONE(.init))
 .init          0x00000000f9000000       0x58 build/obj_files/start.o
                0x00000000f9000000                _start
                0x00000000f9000054                _init

.text           0x00000000f9000058      0x4c8
 *(.text.unlikely .text.unlikely.*)
 *(.text.startup .text.startup.*)
 *(.text .text.*)
 .text          0x00000000f9000058      0x444 build/obj_files/main.o
                0x00000000f9000438                bspMain
                0x00000000f9000484                main
 .text          0x00000000f900049c        0x0 build/obj_files/start.o
 .text          0x00000000f900049c        0x0 f:/.download/riscv_ide/efinity-riscv-ide-2022.2.3/toolchain/bin/../lib/gcc/riscv-none-embed/8.3.0/../../../../riscv-none-embed/lib/rv32im/ilp32\libc.a(lib_a-init.o)
 .text.__libc_init_array
                0x00000000f900049c       0x84 f:/.download/riscv_ide/efinity-riscv-ide-2022.2.3/toolchain/bin/../lib/gcc/riscv-none-embed/8.3.0/../../../../riscv-none-embed/lib/rv32im/ilp32\libc.a(lib_a-init.o)
                0x00000000f900049c                __libc_init_array
 *(.gnu.linkonce.t.*)
 *(.note.gnu.build-id)

.rela.dyn       0x00000000f9000520        0x0
 .rela.init     0x00000000f9000520        0x0 build/obj_files/main.o
 .rela.text.__libc_init_array
                0x00000000f9000520        0x0 build/obj_files/main.o

.fini
 *(SORT_NONE(.fini))
                [!provide]                        PROVIDE (__etext = .)
                [!provide]                        PROVIDE (_etext = .)
                [!provide]                        PROVIDE (etext = .)
                0x00000000f9000520                . = ALIGN (0x4)

.preinit_array  0x00000000f9000520        0x0
                0x00000000f9000520                PROVIDE (__preinit_array_start = .)
 *(.preinit_array)
                0x00000000f9000520                PROVIDE (__preinit_array_end = .)

.init_array     0x00000000f9000520        0x0
                0x00000000f9000520                PROVIDE (__init_array_start = .)
 *(SORT_BY_INIT_PRIORITY(.init_array.*) SORT_BY_INIT_PRIORITY(.ctors.*))
 *(.init_array EXCLUDE_FILE(*crtend?.o *crtend.o *crtbegin?.o *crtbegin.o) .ctors)
                0x00000000f9000520                PROVIDE (__init_array_end = .)

.fini_array     0x00000000f9000520        0x0
                [!provide]                        PROVIDE (__fini_array_start = .)
 *(SORT_BY_INIT_PRIORITY(.fini_array.*) SORT_BY_INIT_PRIORITY(.dtors.*))
 *(.fini_array EXCLUDE_FILE(*crtend?.o *crtend.o *crtbegin?.o *crtbegin.o) .dtors)
                [!provide]                        PROVIDE (__fini_array_end = .)

.ctors
 *crtbegin.o(.ctors)
 *crtbegin?.o(.ctors)
 *(EXCLUDE_FILE(*crtend?.o *crtend.o) .ctors)
 *(SORT_BY_NAME(.ctors.*))
 *(.ctors)

.dtors
 *crtbegin.o(.dtors)
 *crtbegin?.o(.dtors)
 *(EXCLUDE_FILE(*crtend?.o *crtend.o) .dtors)
 *(SORT_BY_NAME(.dtors.*))
 *(.dtors)

.lalign         0x00000000f9000520        0x0
                0x00000000f9000520                PROVIDE (_data_lma = .)

.dalign         0x00000000f9000520        0x0
                0x00000000f9000520                PROVIDE (_data = .)

.data           0x00000000f9000520        0xa
 *(.rdata)
 *(.rodata .rodata.*)
 *(.gnu.linkonce.r.*)
 *(.data .data.*)
 .data          0x00000000f9000520        0x0 build/obj_files/main.o
 .data          0x00000000f9000520        0x0 build/obj_files/start.o
 .data          0x00000000f9000520        0x0 f:/.download/riscv_ide/efinity-riscv-ide-2022.2.3/toolchain/bin/../lib/gcc/riscv-none-embed/8.3.0/../../../../riscv-none-embed/lib/rv32im/ilp32\libc.a(lib_a-init.o)
 *(.gnu.linkonce.d.*)
                0x00000000f9000520                . = ALIGN (0x8)
                0x00000000f9000d10                PROVIDE (__global_pointer$ = (. + 0x7f0))
 *(.sdata .sdata.*)
 *(.gnu.linkonce.s.*)
                0x00000000f9000520                . = ALIGN (0x8)
 *(.srodata.cst16)
 *(.srodata.cst8)
 *(.srodata.cst4)
 *(.srodata.cst2)
 *(.srodata .srodata.*)
                0x00000000f900052a                . = (. + 0xa)
 *fill*         0x00000000f9000520        0xa 
                0x00000000f900052c                . = ALIGN (0x4)
                0x00000000f900052c                PROVIDE (_edata = .)
                [!provide]                        PROVIDE (edata = .)
                [!provide]                        PROVIDE (_fbss = .)
                0x00000000f900052c                PROVIDE (__bss_start = .)

.bss            0x00000000f900052a        0x2
 *(.sbss*)
 *(.gnu.linkonce.sb.*)
 *(.bss .bss.*)
 .bss           0x00000000f900052a        0x0 build/obj_files/main.o
 .bss           0x00000000f900052a        0x0 build/obj_files/start.o
 .bss           0x00000000f900052a        0x0 f:/.download/riscv_ide/efinity-riscv-ide-2022.2.3/toolchain/bin/../lib/gcc/riscv-none-embed/8.3.0/../../../../riscv-none-embed/lib/rv32im/ilp32\libc.a(lib_a-init.o)
 *(.gnu.linkonce.b.*)
 *(COMMON)
                0x00000000f900052c                . = ALIGN (0x4)
 *fill*         0x00000000f900052a        0x2 
                0x00000000f9000530                . = ALIGN (0x8)
                0x00000000f9000530                PROVIDE (_end = .)
                [!provide]                        PROVIDE (end = .)

.stack          0x00000000f9000530      0x100
                [!provide]                        PROVIDE (_heap_end = .)
                0x0000000000000100                . = __stack_size
 *fill*         0x00000000f9000530      0x100 
                0x00000000f9000630                PROVIDE (_sp = .)
LOAD f:/.download/riscv_ide/efinity-riscv-ide-2022.2.3/toolchain/bin/../lib/gcc/riscv-none-embed/8.3.0/../../../../riscv-none-embed/lib/rv32im/ilp32\libm.a
LOAD f:/.download/riscv_ide/efinity-riscv-ide-2022.2.3/toolchain/bin/../lib/gcc/riscv-none-embed/8.3.0/rv32im/ilp32\libgcc.a
START GROUP
LOAD f:/.download/riscv_ide/efinity-riscv-ide-2022.2.3/toolchain/bin/../lib/gcc/riscv-none-embed/8.3.0/rv32im/ilp32\libgcc.a
LOAD f:/.download/riscv_ide/efinity-riscv-ide-2022.2.3/toolchain/bin/../lib/gcc/riscv-none-embed/8.3.0/../../../../riscv-none-embed/lib/rv32im/ilp32\libg.a
LOAD f:/.download/riscv_ide/efinity-riscv-ide-2022.2.3/toolchain/bin/../lib/gcc/riscv-none-embed/8.3.0/../../../../riscv-none-embed/lib/rv32im/ilp32\libc.a
END GROUP
LOAD f:/.download/riscv_ide/efinity-riscv-ide-2022.2.3/toolchain/bin/../lib/gcc/riscv-none-embed/8.3.0/rv32im/ilp32\libgcc.a
START GROUP
LOAD f:/.download/riscv_ide/efinity-riscv-ide-2022.2.3/toolchain/bin/../lib/gcc/riscv-none-embed/8.3.0/rv32im/ilp32\libgcc.a
LOAD f:/.download/riscv_ide/efinity-riscv-ide-2022.2.3/toolchain/bin/../lib/gcc/riscv-none-embed/8.3.0/../../../../riscv-none-embed/lib/rv32im/ilp32\libc.a
LOAD f:/.download/riscv_ide/efinity-riscv-ide-2022.2.3/toolchain/bin/../lib/gcc/riscv-none-embed/8.3.0/../../../../riscv-none-embed/lib/rv32im/ilp32\libnosys.a
END GROUP
OUTPUT(build/bootloader.elf elf32-littleriscv)

.debug_info     0x0000000000000000     0x13b9
 .debug_info    0x0000000000000000     0x1393 build/obj_files/main.o
 .debug_info    0x0000000000001393       0x26 build/obj_files/start.o

.debug_abbrev   0x0000000000000000      0x3c2
 .debug_abbrev  0x0000000000000000      0x3ae build/obj_files/main.o
 .debug_abbrev  0x00000000000003ae       0x14 build/obj_files/start.o

.debug_loc      0x0000000000000000      0x725
 .debug_loc     0x0000000000000000      0x725 build/obj_files/main.o

.debug_aranges  0x0000000000000000       0x40
 .debug_aranges
                0x0000000000000000       0x20 build/obj_files/main.o
 .debug_aranges
                0x0000000000000020       0x20 build/obj_files/start.o

.debug_ranges   0x0000000000000000       0x18
 .debug_ranges  0x0000000000000000       0x18 build/obj_files/main.o

.debug_macro    0x0000000000000000     0x1bea
 .debug_macro   0x0000000000000000      0x1ca build/obj_files/main.o
 .debug_macro   0x00000000000001ca      0x760 build/obj_files/main.o
 .debug_macro   0x000000000000092a       0x22 build/obj_files/main.o
 .debug_macro   0x000000000000094c       0x8e build/obj_files/main.o
 .debug_macro   0x00000000000009da       0x51 build/obj_files/main.o
 .debug_macro   0x0000000000000a2b      0x103 build/obj_files/main.o
 .debug_macro   0x0000000000000b2e       0x6a build/obj_files/main.o
 .debug_macro   0x0000000000000b98      0x1df build/obj_files/main.o
 .debug_macro   0x0000000000000d77       0xc4 build/obj_files/main.o
 .debug_macro   0x0000000000000e3b      0x136 build/obj_files/main.o
 .debug_macro   0x0000000000000f71       0x10 build/obj_files/main.o
 .debug_macro   0x0000000000000f81       0x1c build/obj_files/main.o
 .debug_macro   0x0000000000000f9d       0x16 build/obj_files/main.o
 .debug_macro   0x0000000000000fb3       0xac build/obj_files/main.o
 .debug_macro   0x000000000000105f       0x58 build/obj_files/main.o
 .debug_macro   0x00000000000010b7       0x19 build/obj_files/main.o
 .debug_macro   0x00000000000010d0       0x52 build/obj_files/main.o
 .debug_macro   0x0000000000001122       0x34 build/obj_files/main.o
 .debug_macro   0x0000000000001156       0x34 build/obj_files/main.o
 .debug_macro   0x000000000000118a       0x16 build/obj_files/main.o
 .debug_macro   0x00000000000011a0      0x10e build/obj_files/main.o
 .debug_macro   0x00000000000012ae       0x8d build/obj_files/main.o
 .debug_macro   0x000000000000133b       0x16 build/obj_files/main.o
 .debug_macro   0x0000000000001351       0x43 build/obj_files/main.o
 .debug_macro   0x0000000000001394       0x34 build/obj_files/main.o
 .debug_macro   0x00000000000013c8       0x10 build/obj_files/main.o
 .debug_macro   0x00000000000013d8       0x52 build/obj_files/main.o
 .debug_macro   0x000000000000142a      0x182 build/obj_files/main.o
 .debug_macro   0x00000000000015ac      0x339 build/obj_files/main.o
 .debug_macro   0x00000000000018e5       0x16 build/obj_files/main.o
 .debug_macro   0x00000000000018fb       0x29 build/obj_files/main.o
 .debug_macro   0x0000000000001924      0x1a9 build/obj_files/main.o
 .debug_macro   0x0000000000001acd       0x16 build/obj_files/main.o
 .debug_macro   0x0000000000001ae3       0x35 build/obj_files/main.o
 .debug_macro   0x0000000000001b18       0x82 build/obj_files/main.o
 .debug_macro   0x0000000000001b9a       0x2e build/obj_files/main.o
 .debug_macro   0x0000000000001bc8       0x22 build/obj_files/main.o

.debug_line     0x0000000000000000      0xab0
 .debug_line    0x0000000000000000      0x9f6 build/obj_files/main.o
 .debug_line    0x00000000000009f6       0xba build/obj_files/start.o

.debug_str      0x0000000000000000     0x7d5e
 .debug_str     0x0000000000000000     0x7d40 build/obj_files/main.o
                                       0x800b (size before relaxing)
 .debug_str     0x0000000000007d40       0x1e build/obj_files/start.o
                                         0x8f (size before relaxing)

.comment        0x0000000000000000       0x33
 .comment       0x0000000000000000       0x33 build/obj_files/main.o
                                         0x34 (size before relaxing)

.debug_frame    0x0000000000000000      0x264
 .debug_frame   0x0000000000000000      0x228 build/obj_files/main.o
 .debug_frame   0x0000000000000228       0x3c f:/.download/riscv_ide/efinity-riscv-ide-2022.2.3/toolchain/bin/../lib/gcc/riscv-none-embed/8.3.0/../../../../riscv-none-embed/lib/rv32im/ilp32\libc.a(lib_a-init.o)
